Gjs-Message: 13:15:00.770: Profiler is disabled. Not setting up signals.
Gjs-Message: 13:15:01.032: JS LOG: About to start Cinnamon (X11 backend)
Gjs-Message: 13:15:01.109: JS LOG: [LookingGlass/info] Cinnamon.AppSystem.get_default() started in 0 ms
Gjs-Message: 13:15:01.111: JS LOG: [LookingGlass/info] loading user theme: /home/[redacted]/.themes/CBlack/cinnamon/cinnamon.css
Gjs-Message: 13:15:01.122: JS LOG: [LookingGlass/info] added icon directory: /home/[redacted]/.themes/CBlack/cinnamon
Gjs-Message: 13:15:01.202: JS LOG: [LookingGlass/info] Animations: enabled (hardware rendering, enabled in settings)
Gjs-Message: 13:15:01.227: JS LOG: [LookingGlass/info] NetworkManager agent: enabled
Gjs-Message: 13:15:01.232: JS LOG: [LookingGlass/info] Cinnamon registered as the Polkit agent for the active session (2)
Gjs-Message: 13:15:01.233: JS LOG: [LookingGlass/info] SSH agent: enabled
Gjs-Message: 13:15:01.236: JS LOG: [LookingGlass/info] loaded at Thu Feb 19 2026 13:15:01 GMT-0800 (Pacific Standard Time)
Gjs-Message: 13:15:01.236: JS LOG: Cinnamon started at Thu Feb 19 2026 13:15:01 GMT-0800 (Pacific Standard Time)
current session already has an ibus-daemon.
Gjs-Message: 13:15:01.300: JS LOG: [LookingGlass/info] ExtensionSystem started in 1 ms
Gjs-Message: 13:15:01.300: JS LOG: [LookingGlass/info] DeskletManager started in 0 ms
Gjs-Message: 13:15:01.301: JS LOG: [LookingGlass/info] SearchProviderManager started in 1 ms
Gjs-Message: 13:15:01.508: JS LOG: [LookingGlass/info] Loaded applet favorites@cinnamon.org in 19 ms
Gjs-Message: 13:15:01.512: JS LOG: [LookingGlass/info] Loaded applet separator@cinnamon.org in 4 ms
Gjs-Message: 13:15:01.514: JS LOG: [LookingGlass/info] Role locked: tray
Gjs-Message: 13:15:01.517: JS LOG: [LookingGlass/info] Loaded applet systray@cinnamon.org in 5 ms
Gjs-Message: 13:15:01.609: JS LOG: [LookingGlass/info] Loaded applet notifications@cinnamon.org in 92 ms
Gjs-Message: 13:15:01.613: JS LOG: [LookingGlass/info] Loaded applet removable-drives@cinnamon.org in 4 ms
Gjs-Message: 13:15:01.619: JS LOG: [LookingGlass/info] Loaded applet cornerbar@cinnamon.org in 6 ms
Gjs-Message: 13:15:01.633: JS LOG: [LookingGlass/info] Loaded applet printers@cinnamon.org in 14 ms
Gjs-Message: 13:15:01.641: JS LOG: [LookingGlass/info] Loaded applet keyboard@cinnamon.org in 8 ms
Gjs-Message: 13:15:01.671: JS LOG: [LookingGlass/info] Loaded applet calendar@cinnamon.org in 30 ms
Gjs-Message: 13:15:01.675: JS LOG: [LookingGlass/info] Loaded applet xapp-status@cinnamon.org in 4 ms
Gjs-Message: 13:15:01.691: JS LOG: [LookingGlass/info] Loaded applet power@cinnamon.org in 16 ms
Gjs-Message: 13:15:01.691: JS LOG: calendar@cinnamon.org: Calendar events supported.
Gjs-Message: 13:15:01.716: JS LOG: [LookingGlass/info] Role locked: panellauncher
Gjs-Message: 13:15:01.716: JS LOG: [LookingGlass/info] Role locked: windowattentionhandler
Gjs-Message: 13:15:01.719: JS LOG: [LookingGlass/info] Monitor Watch List updated: [2,0,1]
Gjs-Message: 13:15:01.719: JS LOG: [LookingGlass/info] Loaded applet grouped-window-list@cinnamon.org in 28 ms
Gjs-Message: 13:15:01.727: JS LOG: [LookingGlass/info] Adding XAppStatusIcon: mintUpdate.py (:1.149/org/x/StatusIcon/Icon)
Gjs-Message: 13:15:01.730: JS LOG: [LookingGlass/info] Adding XAppStatusIcon: nvidia-prime (:1.68/org/x/StatusIcon/Icon)
Gjs-Message: 13:15:01.732: JS LOG: [LookingGlass/info] Adding XAppStatusIcon: mintreport (:1.108/org/x/StatusIcon/Icon)
Gjs-Message: 13:15:01.734: JS LOG: [LookingGlass/info] Adding XAppStatusIcon: process-monitor (:1.108/org/x/StatusIcon/Icon_1)
Gjs-Message: 13:15:01.735: JS LOG: [LookingGlass/info] Adding XAppStatusIcon: proton vpn (:1.58/org/x/StatusIcon/Icon_2)
Gjs-Message: 13:15:01.736: JS LOG: [LookingGlass/info] Adding XAppStatusIcon: flameshot (:1.58/org/x/StatusIcon/Icon)
Gjs-Message: 13:15:01.737: JS LOG: [LookingGlass/info] Adding XAppStatusIcon: blueman (:1.58/org/x/StatusIcon/Icon_1)
Gjs-Message: 13:15:01.758: JS LOG: [LookingGlass/info] Loaded applet sound@cinnamon.org in 39 ms
Gjs-Message: 13:15:01.807: JS LOG: [LookingGlass/info] Loaded applet network@cinnamon.org in 49 ms

(cinnamon:100159): St-CRITICAL **: 13:15:02.006: st_icon_set_gicon: assertion 'G_IS_ICON (gicon)' failed
Gjs-Message: 13:15:02.010: JS LOG: [LookingGlass/info] Loaded applet menu@cinnamon.org in 203 ms
Gjs-Message: 13:15:02.010: JS LOG: [LookingGlass/info] AppletManager started in 719 ms
Gjs-Message: 13:15:02.012: JS LOG: [LookingGlass/info] Cinnamon took 980 ms to start
Gjs-Message: 13:15:02.049: JS LOG: Unknown network device type, is 32
Gjs-Message: 13:15:02.057: JS LOG: Unknown network device type, is 22
Gjs-Message: 13:15:02.057: JS LOG: Unknown network device type, is 30
Gjs-Message: 13:15:02.057: JS LOG: Unknown network device type, is 13
Gjs-Message: 13:15:02.057: JS LOG: Unknown network device type, is 13
Gjs-Message: 13:15:02.057: JS LOG: Unknown network device type, is 13
Gjs-Message: 13:15:02.057: JS LOG: Unknown network device type, is 13
Gjs-Message: 13:15:02.057: JS LOG: Unknown network device type, is 13
Gjs-Message: 13:15:02.057: JS LOG: Unknown network device type, is 13
Gjs-Message: 13:15:02.057: JS LOG: Unknown network device type, is 20
Gjs-Message: 13:15:02.057: JS LOG: Unknown network device type, is 20
Gjs-Message: 13:15:02.057: JS LOG: Unknown network device type, is 20
Gjs-Message: 13:15:02.057: JS LOG: Unknown network device type, is 20
Gjs-Message: 13:15:02.057: JS LOG: Unknown network device type, is 20
Gjs-Message: 13:15:02.057: JS LOG: Unknown network device type, is 20
Gjs-Message: 13:15:02.057: JS LOG: Unknown network device type, is 20
Gjs-Message: 13:15:02.057: JS LOG: Unknown network device type, is 20
Gjs-Message: 13:15:02.057: JS LOG: Unknown network device type, is 29
Gjs-Message: 13:15:02.341: JS LOG: [LookingGlass/info] GPU offload supported: true
Gjs-Message: 13:15:05.794: JS LOG: Enabling WindowAttentionHandler
Gjs-Message: 13:15:09.783: JS LOG: [LookingGlass/info] Upgrading settings for cintile@forgetting.me
Gjs-Message: 13:15:09.783: JS LOG: [LookingGlass/info] Settings successfully upgraded for cintile@forgetting.me
Gjs-Message: 13:15:09.785: JS LOG: [LookingGlass/info] Loaded extension cintile@forgetting.me in 5 ms

(cinnamon:100159): Clutter-WARNING **: 13:19:37.694: Attempting to remove actor of type 'StIcon' from group of class 'ClutterBox', but the container is not the actor's parent.
Gjs-Message: 13:29:27.937: Profiler is disabled. Not setting up signals.
Gjs-Message: 13:29:28.189: JS LOG: About to start Cinnamon (X11 backend)
Gjs-Message: 13:29:28.274: JS LOG: [LookingGlass/info] Cinnamon.AppSystem.get_default() started in 0 ms
Gjs-Message: 13:29:28.276: JS LOG: [LookingGlass/info] loading user theme: /home/[redacted]/.themes/CBlack/cinnamon/cinnamon.css
Gjs-Message: 13:29:28.287: JS LOG: [LookingGlass/info] added icon directory: /home/[redacted]/.themes/CBlack/cinnamon
Gjs-Message: 13:29:28.372: JS LOG: [LookingGlass/info] Animations: enabled (hardware rendering, enabled in settings)
Gjs-Message: 13:29:28.397: JS LOG: [LookingGlass/info] NetworkManager agent: enabled
Gjs-Message: 13:29:28.403: JS LOG: [LookingGlass/info] Cinnamon registered as the Polkit agent for the active session (2)
Gjs-Message: 13:29:28.403: JS LOG: [LookingGlass/info] SSH agent: enabled
Gjs-Message: 13:29:28.406: JS LOG: [LookingGlass/info] loaded at Thu Feb 19 2026 13:29:28 GMT-0800 (Pacific Standard Time)
Gjs-Message: 13:29:28.406: JS LOG: Cinnamon started at Thu Feb 19 2026 13:29:28 GMT-0800 (Pacific Standard Time)
current session already has an ibus-daemon.
Gjs-Message: 13:29:28.477: JS LOG: [LookingGlass/info] ExtensionSystem started in 1 ms
Gjs-Message: 13:29:28.477: JS LOG: [LookingGlass/info] DeskletManager started in 1 ms
Gjs-Message: 13:29:28.477: JS LOG: [LookingGlass/info] SearchProviderManager started in 0 ms
Gjs-Message: 13:29:28.936: JS LOG: [LookingGlass/info] Loaded applet separator@cinnamon.org in 13 ms
Gjs-Message: 13:29:28.939: JS LOG: [LookingGlass/info] Role locked: tray
Gjs-Message: 13:29:28.947: JS LOG: [LookingGlass/info] Loaded applet systray@cinnamon.org in 11 ms
Gjs-Message: 13:29:28.989: JS LOG: [LookingGlass/info] Loaded applet cornerbar@cinnamon.org in 42 ms
Gjs-Message: 13:29:29.022: JS LOG: [LookingGlass/info] Loaded applet calendar@cinnamon.org in 33 ms
Gjs-Message: 13:29:29.048: JS LOG: [LookingGlass/info] Loaded applet removable-drives@cinnamon.org in 26 ms
Gjs-Message: 13:29:29.053: JS LOG: [LookingGlass/info] Loaded applet favorites@cinnamon.org in 5 ms
Gjs-Message: 13:29:29.103: JS LOG: [LookingGlass/info] Loaded applet notifications@cinnamon.org in 50 ms
Gjs-Message: 13:29:29.110: JS LOG: [LookingGlass/info] Loaded applet keyboard@cinnamon.org in 7 ms
Gjs-Message: 13:29:29.127: JS LOG: [LookingGlass/info] Loaded applet printers@cinnamon.org in 17 ms
Gjs-Message: 13:29:29.128: JS LOG: calendar@cinnamon.org: Calendar events supported.
Gjs-Message: 13:29:29.134: JS LOG: [LookingGlass/info] Loaded applet xapp-status@cinnamon.org in 7 ms
Gjs-Message: 13:29:29.153: JS LOG: [LookingGlass/info] Loaded applet power@cinnamon.org in 18 ms
Gjs-Message: 13:29:29.188: JS LOG: [LookingGlass/info] Role locked: panellauncher
Gjs-Message: 13:29:29.188: JS LOG: [LookingGlass/info] Role locked: windowattentionhandler
Gjs-Message: 13:29:29.192: JS LOG: [LookingGlass/info] Monitor Watch List updated: [2,0,1]
Gjs-Message: 13:29:29.192: JS LOG: [LookingGlass/info] Loaded applet grouped-window-list@cinnamon.org in 39 ms
Gjs-Message: 13:29:29.217: JS LOG: [LookingGlass/info] Loaded applet sound@cinnamon.org in 25 ms
Gjs-Message: 13:29:29.218: JS LOG: [LookingGlass/info] Adding XAppStatusIcon: mintUpdate.py (:1.149/org/x/StatusIcon/Icon)
Gjs-Message: 13:29:29.221: JS LOG: [LookingGlass/info] Adding XAppStatusIcon: nvidia-prime (:1.68/org/x/StatusIcon/Icon)
Gjs-Message: 13:29:29.224: JS LOG: [LookingGlass/info] Adding XAppStatusIcon: proton vpn (:1.58/org/x/StatusIcon/Icon_2)
Gjs-Message: 13:29:29.225: JS LOG: [LookingGlass/info] Adding XAppStatusIcon: flameshot (:1.58/org/x/StatusIcon/Icon)
Gjs-Message: 13:29:29.227: JS LOG: [LookingGlass/info] Adding XAppStatusIcon: blueman (:1.58/org/x/StatusIcon/Icon_1)
Gjs-Message: 13:29:29.249: JS LOG: [LookingGlass/info] Adding XAppStatusIcon: mintreport (:1.108/org/x/StatusIcon/Icon)
Gjs-Message: 13:29:29.251: JS LOG: [LookingGlass/info] Adding XAppStatusIcon: process-monitor (:1.108/org/x/StatusIcon/Icon_1)
Gjs-Message: 13:29:29.298: JS LOG: [LookingGlass/info] Loaded applet network@cinnamon.org in 81 ms

(cinnamon:111674): St-CRITICAL **: 13:29:29.538: st_icon_set_gicon: assertion 'G_IS_ICON (gicon)' failed
Gjs-Message: 13:29:29.542: JS LOG: [LookingGlass/info] Loaded applet menu@cinnamon.org in 244 ms
Gjs-Message: 13:29:29.542: JS LOG: [LookingGlass/info] AppletManager started in 1073 ms
Gjs-Message: 13:29:29.544: JS LOG: [LookingGlass/info] Cinnamon took 1355 ms to start
Gjs-Message: 13:29:29.587: JS LOG: Unknown network device type, is 32
Gjs-Message: 13:29:29.595: JS LOG: Unknown network device type, is 22
Gjs-Message: 13:29:29.595: JS LOG: Unknown network device type, is 30
Gjs-Message: 13:29:29.595: JS LOG: Unknown network device type, is 13
Gjs-Message: 13:29:29.595: JS LOG: Unknown network device type, is 13
Gjs-Message: 13:29:29.595: JS LOG: Unknown network device type, is 13
Gjs-Message: 13:29:29.595: JS LOG: Unknown network device type, is 13
Gjs-Message: 13:29:29.595: JS LOG: Unknown network device type, is 13
Gjs-Message: 13:29:29.595: JS LOG: Unknown network device type, is 13
Gjs-Message: 13:29:29.595: JS LOG: Unknown network device type, is 20
Gjs-Message: 13:29:29.595: JS LOG: Unknown network device type, is 20
Gjs-Message: 13:29:29.595: JS LOG: Unknown network device type, is 20
Gjs-Message: 13:29:29.595: JS LOG: Unknown network device type, is 20
Gjs-Message: 13:29:29.595: JS LOG: Unknown network device type, is 20
Gjs-Message: 13:29:29.595: JS LOG: Unknown network device type, is 20
Gjs-Message: 13:29:29.595: JS LOG: Unknown network device type, is 20
Gjs-Message: 13:29:29.595: JS LOG: Unknown network device type, is 20
Gjs-Message: 13:29:29.595: JS LOG: Unknown network device type, is 29
Gjs-Message: 13:29:30.249: JS LOG: [LookingGlass/info] GPU offload supported: true
Gjs-Message: 13:29:32.795: JS LOG: Enabling WindowAttentionHandler
Gjs-Message: 13:29:34.377: JS LOG: [LookingGlass/info] Loaded extension cintile@forgetting.me in 4 ms
Gjs-Message: 13:29:53.646: JS LOG: [LookingGlass/info] Loaded extension cintile@forgetting.me in 4 ms
Gjs-Message: 13:51:45.664: Profiler is disabled. Not setting up signals.
Gjs-Message: 13:51:45.890: JS LOG: About to start Cinnamon (X11 backend)
Gjs-Message: 13:51:45.971: JS LOG: [LookingGlass/info] Cinnamon.AppSystem.get_default() started in 0 ms
Gjs-Message: 13:51:45.974: JS LOG: [LookingGlass/info] loading user theme: /home/[redacted]/.themes/CBlack/cinnamon/cinnamon.css
Gjs-Message: 13:51:45.986: JS LOG: [LookingGlass/info] added icon directory: /home/[redacted]/.themes/CBlack/cinnamon
Gjs-Message: 13:51:46.075: JS LOG: [LookingGlass/info] Animations: enabled (hardware rendering, enabled in settings)
Gjs-Message: 13:51:46.099: JS LOG: [LookingGlass/info] NetworkManager agent: enabled
Gjs-Message: 13:51:46.105: JS LOG: [LookingGlass/info] Cinnamon registered as the Polkit agent for the active session (2)
Gjs-Message: 13:51:46.106: JS LOG: [LookingGlass/info] SSH agent: enabled
Gjs-Message: 13:51:46.111: JS LOG: [LookingGlass/info] loaded at Thu Feb 19 2026 13:51:46 GMT-0800 (Pacific Standard Time)
Gjs-Message: 13:51:46.111: JS LOG: Cinnamon started at Thu Feb 19 2026 13:51:46 GMT-0800 (Pacific Standard Time)
current session already has an ibus-daemon.
Gjs-Message: 13:51:46.195: JS LOG: [LookingGlass/info] ExtensionSystem started in 1 ms
Gjs-Message: 13:51:46.195: JS LOG: [LookingGlass/info] DeskletManager started in 1 ms
Gjs-Message: 13:51:46.195: JS LOG: [LookingGlass/info] SearchProviderManager started in 1 ms
Gjs-Message: 13:51:46.414: JS LOG: [LookingGlass/info] Role locked: tray
Gjs-Message: 13:51:46.436: JS LOG: [LookingGlass/info] Loaded applet systray@cinnamon.org in 33 ms
Gjs-Message: 13:51:46.440: JS LOG: [LookingGlass/info] Loaded applet separator@cinnamon.org in 4 ms
Gjs-Message: 13:51:46.446: JS LOG: [LookingGlass/info] Loaded applet favorites@cinnamon.org in 6 ms
Gjs-Message: 13:51:46.450: JS LOG: [LookingGlass/info] Loaded applet removable-drives@cinnamon.org in 4 ms
Gjs-Message: 13:51:46.527: JS LOG: [LookingGlass/info] Loaded applet notifications@cinnamon.org in 77 ms
Gjs-Message: 13:51:46.541: JS LOG: [LookingGlass/info] Loaded applet printers@cinnamon.org in 14 ms
Gjs-Message: 13:51:46.549: JS LOG: [LookingGlass/info] Loaded applet keyboard@cinnamon.org in 8 ms
Gjs-Message: 13:51:46.558: JS LOG: [LookingGlass/info] Loaded applet xapp-status@cinnamon.org in 9 ms
Gjs-Message: 13:51:46.564: JS LOG: [LookingGlass/info] Loaded applet cornerbar@cinnamon.org in 6 ms
Gjs-Message: 13:51:46.598: JS LOG: [LookingGlass/info] Loaded applet calendar@cinnamon.org in 34 ms
Gjs-Message: 13:51:46.622: JS LOG: [LookingGlass/info] Role locked: panellauncher
Gjs-Message: 13:51:46.622: JS LOG: [LookingGlass/info] Role locked: windowattentionhandler
Gjs-Message: 13:51:46.624: JS LOG: [LookingGlass/info] Monitor Watch List updated: [2,0,1]
Gjs-Message: 13:51:46.625: JS LOG: [LookingGlass/info] Loaded applet grouped-window-list@cinnamon.org in 27 ms
Gjs-Message: 13:51:46.639: JS LOG: [LookingGlass/info] Loaded applet power@cinnamon.org in 14 ms
Gjs-Message: 13:51:46.640: JS LOG: calendar@cinnamon.org: Calendar events supported.
Gjs-Message: 13:51:46.659: JS LOG: [LookingGlass/info] Loaded applet sound@cinnamon.org in 20 ms
Gjs-Message: 13:51:46.662: JS LOG: [LookingGlass/info] Adding XAppStatusIcon: mintUpdate.py (:1.149/org/x/StatusIcon/Icon)
Gjs-Message: 13:51:46.664: JS LOG: [LookingGlass/info] Adding XAppStatusIcon: nvidia-prime (:1.68/org/x/StatusIcon/Icon)
Gjs-Message: 13:51:46.666: JS LOG: [LookingGlass/info] Adding XAppStatusIcon: mintreport (:1.108/org/x/StatusIcon/Icon)
Gjs-Message: 13:51:46.667: JS LOG: [LookingGlass/info] Adding XAppStatusIcon: process-monitor (:1.108/org/x/StatusIcon/Icon_1)
Gjs-Message: 13:51:46.669: JS LOG: [LookingGlass/info] Adding XAppStatusIcon: proton vpn (:1.58/org/x/StatusIcon/Icon_2)
Gjs-Message: 13:51:46.670: JS LOG: [LookingGlass/info] Adding XAppStatusIcon: flameshot (:1.58/org/x/StatusIcon/Icon)
Gjs-Message: 13:51:46.671: JS LOG: [LookingGlass/info] Adding XAppStatusIcon: blueman (:1.58/org/x/StatusIcon/Icon_1)
Gjs-Message: 13:51:46.752: JS LOG: [LookingGlass/info] Loaded applet network@cinnamon.org in 93 ms

(cinnamon:128116): St-CRITICAL **: 13:51:46.965: st_icon_set_gicon: assertion 'G_IS_ICON (gicon)' failed
Gjs-Message: 13:51:46.969: JS LOG: [LookingGlass/info] Loaded applet menu@cinnamon.org in 217 ms
Gjs-Message: 13:51:46.969: JS LOG: [LookingGlass/info] AppletManager started in 783 ms
Gjs-Message: 13:51:46.972: JS LOG: [LookingGlass/info] Cinnamon took 1081 ms to start
Gjs-Message: 13:51:47.023: JS LOG: Unknown network device type, is 32
Gjs-Message: 13:51:47.030: JS LOG: Unknown network device type, is 22
Gjs-Message: 13:51:47.030: JS LOG: Unknown network device type, is 30
Gjs-Message: 13:51:47.030: JS LOG: Unknown network device type, is 13
Gjs-Message: 13:51:47.030: JS LOG: Unknown network device type, is 13
Gjs-Message: 13:51:47.030: JS LOG: Unknown network device type, is 13
Gjs-Message: 13:51:47.030: JS LOG: Unknown network device type, is 13
Gjs-Message: 13:51:47.030: JS LOG: Unknown network device type, is 13
Gjs-Message: 13:51:47.030: JS LOG: Unknown network device type, is 13
Gjs-Message: 13:51:47.030: JS LOG: Unknown network device type, is 20
Gjs-Message: 13:51:47.030: JS LOG: Unknown network device type, is 20
Gjs-Message: 13:51:47.030: JS LOG: Unknown network device type, is 20
Gjs-Message: 13:51:47.030: JS LOG: Unknown network device type, is 20
Gjs-Message: 13:51:47.030: JS LOG: Unknown network device type, is 20
Gjs-Message: 13:51:47.030: JS LOG: Unknown network device type, is 20
Gjs-Message: 13:51:47.030: JS LOG: Unknown network device type, is 20
Gjs-Message: 13:51:47.030: JS LOG: Unknown network device type, is 20
Gjs-Message: 13:51:47.030: JS LOG: Unknown network device type, is 29
Gjs-Message: 13:51:47.354: JS LOG: [LookingGlass/info] GPU offload supported: true
Gjs-Message: 13:51:49.437: JS LOG: [LookingGlass/info] Loaded extension cintile@forgetting.me in 17 ms
Gjs-Message: 13:51:50.795: JS LOG: Enabling WindowAttentionHandler
Gjs-Message: 13:52:23.873: JS LOG: [LookingGlass/info] Loaded extension cintile@forgetting.me in 4 ms
Gjs-Message: 13:58:05.929: JS LOG: [LookingGlass/info] Loaded extension cintile@forgetting.me in 5 ms
Window manager warning: META_CURRENT_TIME used to choose focus window; focus window may not be correct.
Gjs-Message: 13:59:06.080: Profiler is disabled. Not setting up signals.
Gjs-Message: 13:59:06.307: JS LOG: About to start Cinnamon (X11 backend)
Gjs-Message: 13:59:06.387: JS LOG: [LookingGlass/info] Cinnamon.AppSystem.get_default() started in 0 ms
Gjs-Message: 13:59:06.390: JS LOG: [LookingGlass/info] loading user theme: /home/[redacted]/.themes/CBlack/cinnamon/cinnamon.css
Gjs-Message: 13:59:06.402: JS LOG: [LookingGlass/info] added icon directory: /home/[redacted]/.themes/CBlack/cinnamon
Gjs-Message: 13:59:06.488: JS LOG: [LookingGlass/info] Animations: enabled (hardware rendering, enabled in settings)
Gjs-Message: 13:59:06.513: JS LOG: [LookingGlass/info] NetworkManager agent: enabled
Gjs-Message: 13:59:06.519: JS LOG: [LookingGlass/info] Cinnamon registered as the Polkit agent for the active session (2)
Gjs-Message: 13:59:06.519: JS LOG: [LookingGlass/info] SSH agent: enabled
Gjs-Message: 13:59:06.523: JS LOG: [LookingGlass/info] loaded at Thu Feb 19 2026 13:59:06 GMT-0800 (Pacific Standard Time)
Gjs-Message: 13:59:06.523: JS LOG: Cinnamon started at Thu Feb 19 2026 13:59:06 GMT-0800 (Pacific Standard Time)
current session already has an ibus-daemon.
Gjs-Message: 13:59:06.591: JS LOG: [LookingGlass/info] DeskletManager started in 0 ms
Gjs-Message: 13:59:06.591: JS LOG: [LookingGlass/info] SearchProviderManager started in 0 ms
Gjs-Message: 13:59:06.875: JS LOG: [LookingGlass/info] Role locked: tray
Gjs-Message: 13:59:06.884: JS LOG: [LookingGlass/info] Loaded applet systray@cinnamon.org in 30 ms
Gjs-Message: 13:59:06.971: JS LOG: [LookingGlass/info] Loaded applet printers@cinnamon.org in 86 ms
Gjs-Message: 13:59:06.977: JS LOG: [LookingGlass/info] Loaded applet separator@cinnamon.org in 5 ms
Gjs-Message: 13:59:06.983: JS LOG: [LookingGlass/info] Loaded applet removable-drives@cinnamon.org in 6 ms
Gjs-Message: 13:59:06.990: JS LOG: [LookingGlass/info] Loaded applet favorites@cinnamon.org in 7 ms
Gjs-Message: 13:59:07.042: JS LOG: [LookingGlass/info] Loaded applet notifications@cinnamon.org in 51 ms
Gjs-Message: 13:59:07.050: JS LOG: [LookingGlass/info] Loaded applet cornerbar@cinnamon.org in 8 ms
Gjs-Message: 13:59:07.060: JS LOG: [LookingGlass/info] Loaded applet keyboard@cinnamon.org in 9 ms
Gjs-Message: 13:59:07.065: JS LOG: [LookingGlass/info] Loaded applet xapp-status@cinnamon.org in 5 ms
Gjs-Message: 13:59:07.100: JS LOG: [LookingGlass/info] Loaded applet calendar@cinnamon.org in 35 ms
Gjs-Message: 13:59:07.103: JS LOG: [LookingGlass/info] Loaded extension cintile@forgetting.me in 3 ms
Gjs-Message: 13:59:07.103: JS LOG: [LookingGlass/info] ExtensionSystem started in 513 ms
Gjs-Message: 13:59:07.130: JS LOG: calendar@cinnamon.org: Calendar events supported.
Gjs-Message: 13:59:07.150: JS LOG: [LookingGlass/info] Role locked: panellauncher
Gjs-Message: 13:59:07.150: JS LOG: [LookingGlass/info] Role locked: windowattentionhandler
Gjs-Message: 13:59:07.154: JS LOG: [LookingGlass/info] Monitor Watch List updated: [2,0,1]
Gjs-Message: 13:59:07.154: JS LOG: [LookingGlass/info] Loaded applet grouped-window-list@cinnamon.org in 51 ms
Gjs-Message: 13:59:07.168: JS LOG: [LookingGlass/info] Loaded applet power@cinnamon.org in 14 ms
Gjs-Message: 13:59:07.171: JS LOG: [LookingGlass/info] Adding XAppStatusIcon: nvidia-prime (:1.68/org/x/StatusIcon/Icon)
Gjs-Message: 13:59:07.174: JS LOG: [LookingGlass/info] Adding XAppStatusIcon: mintreport (:1.108/org/x/StatusIcon/Icon)
Gjs-Message: 13:59:07.175: JS LOG: [LookingGlass/info] Adding XAppStatusIcon: process-monitor (:1.108/org/x/StatusIcon/Icon_1)
Gjs-Message: 13:59:07.177: JS LOG: [LookingGlass/info] Adding XAppStatusIcon: mintUpdate.py (:1.149/org/x/StatusIcon/Icon)
Gjs-Message: 13:59:07.179: JS LOG: [LookingGlass/info] Adding XAppStatusIcon: proton vpn (:1.58/org/x/StatusIcon/Icon_2)
Gjs-Message: 13:59:07.181: JS LOG: [LookingGlass/info] Adding XAppStatusIcon: flameshot (:1.58/org/x/StatusIcon/Icon)
Gjs-Message: 13:59:07.182: JS LOG: [LookingGlass/info] Adding XAppStatusIcon: blueman (:1.58/org/x/StatusIcon/Icon_1)
Gjs-Message: 13:59:07.274: JS LOG: [LookingGlass/info] Loaded applet sound@cinnamon.org in 106 ms
Gjs-Message: 13:59:07.297: JS LOG: [LookingGlass/info] Loaded applet network@cinnamon.org in 23 ms

(cinnamon:128116): St-CRITICAL **: 13:59:07.510: st_icon_set_gicon: assertion 'G_IS_ICON (gicon)' failed
Gjs-Message: 13:59:07.514: JS LOG: [LookingGlass/info] Loaded applet menu@cinnamon.org in 217 ms
Gjs-Message: 13:59:07.514: JS LOG: [LookingGlass/info] AppletManager started in 931 ms
Gjs-Message: 13:59:07.517: JS LOG: [LookingGlass/info] Cinnamon took 1209 ms to start
Gjs-Message: 13:59:07.577: JS LOG: Unknown network device type, is 32
Gjs-Message: 13:59:07.585: JS LOG: Unknown network device type, is 22
Gjs-Message: 13:59:07.585: JS LOG: Unknown network device type, is 30
Gjs-Message: 13:59:07.585: JS LOG: Unknown network device type, is 13
Gjs-Message: 13:59:07.585: JS LOG: Unknown network device type, is 13
Gjs-Message: 13:59:07.585: JS LOG: Unknown network device type, is 13
Gjs-Message: 13:59:07.585: JS LOG: Unknown network device type, is 13
Gjs-Message: 13:59:07.585: JS LOG: Unknown network device type, is 13
Gjs-Message: 13:59:07.585: JS LOG: Unknown network device type, is 13
Gjs-Message: 13:59:07.585: JS LOG: Unknown network device type, is 20
Gjs-Message: 13:59:07.585: JS LOG: Unknown network device type, is 20
Gjs-Message: 13:59:07.585: JS LOG: Unknown network device type, is 20
Gjs-Message: 13:59:07.585: JS LOG: Unknown network device type, is 20
Gjs-Message: 13:59:07.586: JS LOG: Unknown network device type, is 20
Gjs-Message: 13:59:07.586: JS LOG: Unknown network device type, is 20
Gjs-Message: 13:59:07.586: JS LOG: Unknown network device type, is 20
Gjs-Message: 13:59:07.586: JS LOG: Unknown network device type, is 20
Gjs-Message: 13:59:07.586: JS LOG: Unknown network device type, is 29
Gjs-Message: 13:59:07.960: JS LOG: [LookingGlass/info] GPU offload supported: true
Gjs-Message: 13:59:10.795: JS LOG: Enabling WindowAttentionHandler
Gjs-Message: 13:59:47.880: JS LOG: [LookingGlass/info] Loaded extension cintile@forgetting.me in 4 ms
Window manager warning: WM_TRANSIENT_FOR window 0x900070e for 0x900075c window override-redirect is an override-redirect window and this is not correct according to the standard, so we'll fallback to the first non-override-redirect window 0x9000003.
Window manager warning: WM_TRANSIENT_FOR window 0x900070e for 0x9000794 window override-redirect is an override-redirect window and this is not correct according to the standard, so we'll fallback to the first non-override-redirect window 0x9000003.
Window manager warning: WM_TRANSIENT_FOR window 0x900070e for 0x900075c window override-redirect is an override-redirect window and this is not correct according to the standard, so we'll fallback to the first non-override-redirect window 0x9000003.
Gjs-Message: 14:26:15.777: JS LOG: [LookingGlass/info] Upgrading settings for cintile@forgetting.me
Gjs-Message: 14:26:15.778: JS LOG: [LookingGlass/info] Settings successfully upgraded for cintile@forgetting.me
Gjs-Message: 14:26:15.781: JS LOG: [LookingGlass/info] Loaded extension cintile@forgetting.me in 10 ms
